[2026-02-22 02:39:48] ==========================================
[2026-02-22 02:39:48] Starting Phase 12 experiments (8 total)
[2026-02-22 02:39:48] ==========================================
[2026-02-22 02:39:48] START test_fracdiff [0/8]
2026-02-22 02:39:50,589 INFO ================================================================================
2026-02-22 02:39:50,589 INFO Phase 12 Experiment: fracdiff
2026-02-22 02:39:50,589 INFO ================================================================================
2026-02-22 02:39:50,700 INFO Loaded 20 tickers
2026-02-22 02:39:50,700 INFO Building challenger dataset...
2026-02-22 02:39:50,704 INFO Finding optimal d values on training data...
2026-02-22 02:39:51,339 INFO d values: min=0.50, max=0.50, mean=0.50, median=0.50
2026-02-22 02:39:51,339 INFO   AAPL L1: d=0.500
2026-02-22 02:39:51,339 INFO   AMZN L1: d=0.500
2026-02-22 02:39:51,339 INFO   BAC L1: d=0.500
2026-02-22 02:39:51,339 INFO   COP L1: d=0.500
2026-02-22 02:39:51,339 INFO   CVX L1: d=0.500
2026-02-22 02:39:51,339 INFO   GLD L1: d=0.500
2026-02-22 02:39:51,339 INFO   GOOGL L1: d=0.500
2026-02-22 02:39:51,339 INFO   GS L1: d=0.500
2026-02-22 02:39:51,339 INFO   JNJ L1: d=0.500
2026-02-22 02:39:51,339 INFO   JPM L1: d=0.500
2026-02-22 02:39:51,339 INFO   MSFT L1: d=0.500
2026-02-22 02:39:51,339 INFO   NVDA L1: d=0.500
2026-02-22 02:39:51,339 INFO   PFE L1: d=0.500
2026-02-22 02:39:51,339 INFO   QQQ L1: d=0.500
2026-02-22 02:39:51,339 INFO   SLV L1: d=0.500
2026-02-22 02:39:51,339 INFO   SPY L1: d=0.500
2026-02-22 02:39:51,339 INFO   UNG L1: d=0.500
2026-02-22 02:39:51,339 INFO   UNH L1: d=0.500
2026-02-22 02:39:51,339 INFO   USO L1: d=0.500
2026-02-22 02:39:51,339 INFO   XOM L1: d=0.500
2026-02-22 02:39:51,745 INFO Challenger dataset: 124530 train, 37702 test (1.0s)
2026-02-22 02:39:51,745 INFO Building baseline (D1) dataset...
2026-02-22 02:39:52,447 INFO Baseline dataset: 124530 train, 37702 test
2026-02-22 02:39:52,447 INFO --- Seed 1/3 ---
2026-02-22 02:39:52,492 INFO   Training baseline...
/home/musicofhel/wavecast/src/wavecast/models/wavelet_gpt.py:94: UserWarning: enable_nested_tensor is True, but self.use_nested_tensor is False because encoder_layer.norm_first was True
  self.transformer = nn.TransformerEncoder(
2026-02-22 02:44:26,937 INFO   Baseline: econ_dir=64.0% trans=55.5% large=68.3% sharpe=+4.492 flat=23.6%
2026-02-22 02:44:26,937 INFO   Training challenger...
/home/musicofhel/wavecast/src/wavecast/models/wavelet_gpt.py:94: UserWarning: enable_nested_tensor is True, but self.use_nested_tensor is False because encoder_layer.norm_first was True
  self.transformer = nn.TransformerEncoder(
2026-02-22 02:48:57,142 INFO   Challenger: econ_dir=64.8% trans=48.9% large=69.2% sharpe=+4.715 flat=34.7%
2026-02-22 02:48:57,142 INFO --- Seed 2/3 ---
2026-02-22 02:48:57,144 INFO   Training baseline...
2026-02-22 02:53:35,035 INFO   Baseline: econ_dir=64.2% trans=55.3% large=68.3% sharpe=+4.749 flat=23.2%
2026-02-22 02:53:35,035 INFO   Training challenger...
2026-02-22 02:58:10,893 INFO   Challenger: econ_dir=64.4% trans=53.7% large=68.7% sharpe=+4.795 flat=25.5%
2026-02-22 02:58:10,893 INFO --- Seed 3/3 ---
2026-02-22 02:58:10,894 INFO   Training baseline...
2026-02-22 03:02:36,032 INFO   Baseline: econ_dir=63.5% trans=54.7% large=67.8% sharpe=+4.777 flat=21.9%
2026-02-22 03:02:36,032 INFO   Training challenger...
2026-02-22 03:07:03,931 INFO   Challenger: econ_dir=64.2% trans=55.2% large=68.2% sharpe=+4.644 flat=23.1%
2026-02-22 03:07:03,932 INFO 
2026-02-22 03:07:03,932 INFO ================================================================================
2026-02-22 03:07:03,932 INFO RESULTS: fracdiff
2026-02-22 03:07:03,932 INFO ================================================================================

====================================================================================================
  fracdiff (BASELINE)
====================================================================================================
  Econ Dir Accuracy:    63.9%  (22893.666666666668 directional preds)
  Prediction Dist:      up=39.6%  flat=22.9%  down=37.5%
  Transition Accuracy:  55.2%  (19804.0 transitions)
  Large-Move Accuracy:  68.1%  (11080.0 large moves)
  Sharpe (with costs):  +4.673  (P100 vs random)
  Quantile Accuracy:    31.8%
  Class Dist:           c0=19.2%  c1=18.2%  c2=22.9%  c3=19.7%  c4=20.0%
====================================================================================================

====================================================================================================
  fracdiff (CHALLENGER)
====================================================================================================
  Econ Dir Accuracy:    64.5%  (21536.666666666668 directional preds)
  Prediction Dist:      up=36.7%  flat=27.8%  down=35.6%
  Transition Accuracy:  52.6%  (19804.0 transitions)
  Large-Move Accuracy:  68.7%  (10559.666666666666 large moves)
  Sharpe (with costs):  +4.718  (P100 vs random)
  Quantile Accuracy:    32.7%
  Class Dist:           c0=20.2%  c1=15.4%  c2=27.8%  c3=16.8%  c4=19.8%
====================================================================================================
2026-02-22 03:07:03,932 INFO 
2026-02-22 03:07:03,932 INFO VERDICT: FAIL: transition degraded by 2.6%
2026-02-22 03:07:03,932 INFO ================================================================================
2026-02-22 03:07:03,932 INFO Results saved to /home/musicofhel/.wavecast/audit/exp3/fracdiff_results.json

Final verdict: FAIL: transition degraded by 2.6%
[2026-02-22 03:07:04] DONE test_fracdiff in 1636s
[2026-02-22 03:07:04]   VERDICT fracdiff: FAIL: transition degraded by 2.6%
[2026-02-22 03:07:09] START test_finegrain [1/8]
2026-02-22 03:07:11,248 INFO ================================================================================
2026-02-22 03:07:11,248 INFO Phase 12 Experiment: finegrain_7
2026-02-22 03:07:11,249 INFO ================================================================================
2026-02-22 03:07:11,321 INFO Loaded 20 tickers
2026-02-22 03:07:11,322 INFO Building challenger dataset...
2026-02-22 03:07:12,197 INFO Training class distribution (7 bins):
2026-02-22 03:07:12,197 INFO   bin 0: 17782 (14.3%)
2026-02-22 03:07:12,197 INFO   bin 1: 17781 (14.3%)
2026-02-22 03:07:12,197 INFO   bin 2: 17781 (14.3%)
2026-02-22 03:07:12,197 INFO   bin 3: 17782 (14.3%)
2026-02-22 03:07:12,197 INFO   bin 4: 17781 (14.3%)
2026-02-22 03:07:12,197 INFO   bin 5: 17781 (14.3%)
2026-02-22 03:07:12,197 INFO   bin 6: 17782 (14.3%)
2026-02-22 03:07:12,197 INFO Challenger dataset: 124530 train, 37702 test (0.9s)
2026-02-22 03:07:12,197 INFO Building baseline (D1) dataset...
2026-02-22 03:07:13,087 INFO Baseline dataset: 124530 train, 37702 test
2026-02-22 03:07:13,087 INFO --- Seed 1/3 ---
2026-02-22 03:07:13,124 INFO   Training baseline...
/home/musicofhel/wavecast/src/wavecast/models/wavelet_gpt.py:94: UserWarning: enable_nested_tensor is True, but self.use_nested_tensor is False because encoder_layer.norm_first was True
  self.transformer = nn.TransformerEncoder(
2026-02-22 03:11:46,658 INFO   Baseline: econ_dir=64.0% trans=55.5% large=68.3% sharpe=+4.492 flat=23.6%
2026-02-22 03:11:46,659 INFO   Training challenger...
Traceback (most recent call last):
  File "<frozen runpy>", line 198, in _run_module_as_main
  File "<frozen runpy>", line 88, in _run_code
  File "/home/musicofhel/wavecast/scripts/exp3/test_finegrain.py", line 130, in <module>
    results = evaluate_representation(
              ^^^^^^^^^^^^^^^^^^^^^^^^
  File "/home/musicofhel/wavecast/scripts/exp3/evaluate_representation.py", line 228, in evaluate_representation
    model_c = WaveletGPT(
              ^^^^^^^^^^^
TypeError: wavecast.models.wavelet_gpt.WaveletGPT() got multiple values for keyword argument 'n_output_classes'
[2026-02-22 03:11:47] FAIL test_finegrain after 278s (exit=0)
[2026-02-22 03:11:52] START test_context [2/8]
2026-02-22 03:11:53,921 INFO ================================================================================
2026-02-22 03:11:53,921 INFO Phase 12 Experiment: context_32
2026-02-22 03:11:53,921 INFO ================================================================================
2026-02-22 03:11:53,989 INFO Loaded 20 tickers
2026-02-22 03:11:53,989 INFO Building challenger dataset...
2026-02-22 03:11:55,051 INFO Context=32: 124210 train, 37382 test (baseline ctx=16 has ~124K train)
2026-02-22 03:11:55,051 INFO Challenger dataset: 124210 train, 37382 test (1.1s)
2026-02-22 03:11:55,051 INFO Building baseline (D1) dataset...
2026-02-22 03:11:55,947 INFO Baseline dataset: 124530 train, 37702 test
2026-02-22 03:11:55,947 INFO --- Seed 1/3 ---
2026-02-22 03:11:55,995 INFO   Training baseline...
/home/musicofhel/wavecast/src/wavecast/models/wavelet_gpt.py:94: UserWarning: enable_nested_tensor is True, but self.use_nested_tensor is False because encoder_layer.norm_first was True
  self.transformer = nn.TransformerEncoder(
2026-02-22 03:16:24,330 INFO   Baseline: econ_dir=64.0% trans=55.5% large=68.3% sharpe=+4.492 flat=23.6%
2026-02-22 03:16:24,330 INFO   Training challenger...
/home/musicofhel/wavecast/src/wavecast/models/wavelet_gpt.py:94: UserWarning: enable_nested_tensor is True, but self.use_nested_tensor is False because encoder_layer.norm_first was True
  self.transformer = nn.TransformerEncoder(
2026-02-22 03:21:25,006 INFO   Challenger: econ_dir=63.9% trans=54.7% large=68.0% sharpe=+4.525 flat=24.3%
2026-02-22 03:21:25,006 INFO --- Seed 2/3 ---
2026-02-22 03:21:25,007 INFO   Training baseline...
2026-02-22 03:25:57,300 INFO   Baseline: econ_dir=64.2% trans=55.3% large=68.3% sharpe=+4.749 flat=23.2%
2026-02-22 03:25:57,300 INFO   Training challenger...
2026-02-22 03:30:55,081 INFO   Challenger: econ_dir=64.7% trans=48.7% large=69.0% sharpe=+4.711 flat=33.8%
2026-02-22 03:30:55,082 INFO --- Seed 3/3 ---
2026-02-22 03:30:55,082 INFO   Training baseline...
2026-02-22 03:35:25,546 INFO   Baseline: econ_dir=63.5% trans=54.7% large=67.8% sharpe=+4.777 flat=21.9%
2026-02-22 03:35:25,546 INFO   Training challenger...
2026-02-22 03:40:20,926 INFO   Challenger: econ_dir=64.4% trans=49.7% large=68.8% sharpe=+4.717 flat=32.1%
2026-02-22 03:40:20,926 INFO 
2026-02-22 03:40:20,926 INFO ================================================================================
2026-02-22 03:40:20,926 INFO RESULTS: context_32
2026-02-22 03:40:20,927 INFO ================================================================================

====================================================================================================
  context_32 (BASELINE)
====================================================================================================
  Econ Dir Accuracy:    63.9%  (22893.666666666668 directional preds)
  Prediction Dist:      up=39.6%  flat=22.9%  down=37.5%
  Transition Accuracy:  55.2%  (19804.0 transitions)
  Large-Move Accuracy:  68.1%  (11080.0 large moves)
  Sharpe (with costs):  +4.673  (P100 vs random)
  Quantile Accuracy:    31.8%
  Class Dist:           c0=19.2%  c1=18.2%  c2=22.9%  c3=19.7%  c4=20.0%
====================================================================================================

====================================================================================================
  context_32 (CHALLENGER)
====================================================================================================
  Econ Dir Accuracy:    64.3%  (20888.0 directional preds)
  Prediction Dist:      up=36.4%  flat=30.1%  down=33.5%
  Transition Accuracy:  51.0%  (19637.0 transitions)
  Large-Move Accuracy:  68.6%  (10333.333333333334 large moves)
  Sharpe (with costs):  +4.651  (P100 vs random)
  Quantile Accuracy:    34.1%
  Class Dist:           c0=17.7%  c1=15.9%  c2=30.1%  c3=17.0%  c4=19.4%
====================================================================================================
2026-02-22 03:40:20,927 INFO 
2026-02-22 03:40:20,927 INFO VERDICT: FAIL: transition degraded by 4.1%
2026-02-22 03:40:20,927 INFO ================================================================================
2026-02-22 03:40:20,927 INFO Results saved to /home/musicofhel/.wavecast/audit/exp3/context_32_results.json
2026-02-22 03:40:20,937 INFO 
================================================================================
2026-02-22 03:40:20,937 INFO Testing context_length=48
2026-02-22 03:40:20,938 INFO ================================================================================
2026-02-22 03:40:20,938 INFO ================================================================================
2026-02-22 03:40:20,938 INFO Phase 12 Experiment: context_48
2026-02-22 03:40:20,938 INFO ================================================================================
2026-02-22 03:40:20,996 INFO Loaded 20 tickers
2026-02-22 03:40:20,996 INFO Building challenger dataset...
2026-02-22 03:40:22,371 INFO Context=48: 123890 train, 37062 test (baseline ctx=16 has ~124K train)
2026-02-22 03:40:22,372 INFO Challenger dataset: 123890 train, 37062 test (1.4s)
2026-02-22 03:40:22,372 INFO Building baseline (D1) dataset...
2026-02-22 03:40:23,294 INFO Baseline dataset: 124530 train, 37702 test
2026-02-22 03:40:23,294 INFO --- Seed 1/3 ---
2026-02-22 03:40:23,294 INFO   Training baseline...
/home/musicofhel/wavecast/src/wavecast/models/wavelet_gpt.py:94: UserWarning: enable_nested_tensor is True, but self.use_nested_tensor is False because encoder_layer.norm_first was True
  self.transformer = nn.TransformerEncoder(
2026-02-22 03:44:55,776 INFO   Baseline: econ_dir=64.0% trans=55.5% large=68.3% sharpe=+4.492 flat=23.6%
2026-02-22 03:44:55,776 INFO   Training challenger...
2026-02-22 03:50:17,893 INFO   Challenger: econ_dir=63.3% trans=51.5% large=67.5% sharpe=+4.460 flat=27.4%
2026-02-22 03:50:17,893 INFO --- Seed 2/3 ---
2026-02-22 03:50:17,894 INFO   Training baseline...
[2026-02-22 03:51:41] FAIL test_context after 2389s (exit=0)
[2026-02-22 03:51:46] START test_crossscale [3/8]
2026-02-22 03:51:49,094 INFO ================================================================================
2026-02-22 03:51:49,094 INFO Phase 12 Experiment: crossscale
2026-02-22 03:51:49,094 INFO ================================================================================
2026-02-22 03:51:49,219 INFO Loaded 20 tickers
2026-02-22 03:51:49,220 INFO Building challenger dataset...
2026-02-22 03:51:49,309 INFO Cross-scale: 7589 train, 2163 test (N_CHANNELS=4)
2026-02-22 03:51:49,323 INFO Challenger dataset: 7589 train, 2163 test (0.1s)
2026-02-22 03:51:49,323 INFO Building baseline (D1) dataset...
2026-02-22 03:51:50,385 INFO Baseline dataset: 124530 train, 37702 test
2026-02-22 03:51:50,386 INFO --- Seed 1/3 ---
2026-02-22 03:51:50,455 INFO   Training baseline...
/home/musicofhel/wavecast/src/wavecast/models/wavelet_gpt.py:94: UserWarning: enable_nested_tensor is True, but self.use_nested_tensor is False because encoder_layer.norm_first was True
  self.transformer = nn.TransformerEncoder(
2026-02-22 03:56:22,411 INFO   Baseline: econ_dir=64.0% trans=55.5% large=68.3% sharpe=+4.492 flat=23.6%
2026-02-22 03:56:22,411 INFO   Training challenger...
/home/musicofhel/wavecast/src/wavecast/models/wavelet_gpt.py:94: UserWarning: enable_nested_tensor is True, but self.use_nested_tensor is False because encoder_layer.norm_first was True
  self.transformer = nn.TransformerEncoder(
2026-02-22 03:56:38,863 INFO   Challenger: econ_dir=49.4% trans=36.4% large=48.6% sharpe=+-1.077 flat=26.1%
2026-02-22 03:56:38,863 INFO --- Seed 2/3 ---
2026-02-22 03:56:38,864 INFO   Training baseline...
2026-02-22 04:01:09,457 INFO   Baseline: econ_dir=64.2% trans=55.3% large=68.3% sharpe=+4.749 flat=23.2%
2026-02-22 04:01:09,458 INFO   Training challenger...
2026-02-22 04:01:26,253 INFO   Challenger: econ_dir=50.8% trans=36.1% large=52.3% sharpe=+-0.249 flat=26.3%
2026-02-22 04:01:26,253 INFO --- Seed 3/3 ---
2026-02-22 04:01:26,253 INFO   Training baseline...
2026-02-22 04:06:00,070 INFO   Baseline: econ_dir=63.5% trans=54.7% large=67.8% sharpe=+4.777 flat=21.9%
2026-02-22 04:06:00,070 INFO   Training challenger...
2026-02-22 04:06:17,227 INFO   Challenger: econ_dir=49.1% trans=40.8% large=52.2% sharpe=+-0.339 flat=21.8%
2026-02-22 04:06:17,227 INFO 
2026-02-22 04:06:17,227 INFO ================================================================================
2026-02-22 04:06:17,227 INFO RESULTS: crossscale
2026-02-22 04:06:17,227 INFO ================================================================================

====================================================================================================
  crossscale (BASELINE)
====================================================================================================
  Econ Dir Accuracy:    63.9%  (22893.666666666668 directional preds)
  Prediction Dist:      up=39.6%  flat=22.9%  down=37.5%
  Transition Accuracy:  55.2%  (19804.0 transitions)
  Large-Move Accuracy:  68.1%  (11080.0 large moves)
  Sharpe (with costs):  +4.673  (P100 vs random)
  Quantile Accuracy:    31.8%
  Class Dist:           c0=19.2%  c1=18.2%  c2=22.9%  c3=19.7%  c4=20.0%
====================================================================================================

====================================================================================================
  crossscale (CHALLENGER)
====================================================================================================
  Econ Dir Accuracy:    49.8%  (1480.3333333333333 directional preds)
  Prediction Dist:      up=34.4%  flat=24.7%  down=40.9%
  Transition Accuracy:  37.8%  (1024.0 transitions)
  Large-Move Accuracy:  51.0%  (529.3333333333334 large moves)
  Sharpe (with costs):  -0.555  (P32 vs random)
  Quantile Accuracy:    23.9%
  Class Dist:           c0=19.0%  c1=21.9%  c2=24.7%  c3=18.7%  c4=15.6%
====================================================================================================
2026-02-22 04:06:17,227 INFO 
2026-02-22 04:06:17,227 INFO VERDICT: FAIL: transition 37.8% < 45% auto-fail; sharpe -0.55 < +3.5 auto-fail; large_move 51.0% < 65% auto-fail
2026-02-22 04:06:17,227 INFO ================================================================================
2026-02-22 04:06:17,228 INFO Results saved to /home/musicofhel/.wavecast/audit/exp3/crossscale_results.json

Final verdict: FAIL: transition 37.8% < 45% auto-fail; sharpe -0.55 < +3.5 auto-fail; large_move 51.0% < 65% auto-fail
[2026-02-22 04:06:17] DONE test_crossscale in 871s
[2026-02-22 04:06:17]   VERDICT crossscale: FAIL: transition 37.8% < 45% auto-fail; sharpe -0.55 < +3.5 auto-fail; large_move 51.0% < 65% auto-fail
[2026-02-22 04:06:22] START test_range_dwt [4/8]
2026-02-22 04:06:24,587 INFO ================================================================================
2026-02-22 04:06:24,587 INFO Phase 12 Experiment: range_dwt
2026-02-22 04:06:24,587 INFO ================================================================================
2026-02-22 04:06:24,655 INFO Loaded 20 tickers
2026-02-22 04:06:24,655 INFO Building challenger dataset...
2026-02-22 04:06:25,540 INFO Range-DWT: 124530 train, 37702 test
2026-02-22 04:06:25,540 INFO Challenger dataset: 124530 train, 37702 test (0.9s)
2026-02-22 04:06:25,541 INFO Building baseline (D1) dataset...
2026-02-22 04:06:26,425 INFO Baseline dataset: 124530 train, 37702 test
2026-02-22 04:06:26,426 INFO --- Seed 1/3 ---
2026-02-22 04:06:26,465 INFO   Training baseline...
/home/musicofhel/wavecast/src/wavecast/models/wavelet_gpt.py:94: UserWarning: enable_nested_tensor is True, but self.use_nested_tensor is False because encoder_layer.norm_first was True
  self.transformer = nn.TransformerEncoder(
2026-02-22 04:10:56,481 INFO   Baseline: econ_dir=64.0% trans=55.5% large=68.3% sharpe=+4.492 flat=23.6%
2026-02-22 04:10:56,481 INFO   Training challenger...
/home/musicofhel/wavecast/src/wavecast/models/wavelet_gpt.py:94: UserWarning: enable_nested_tensor is True, but self.use_nested_tensor is False because encoder_layer.norm_first was True
  self.transformer = nn.TransformerEncoder(
2026-02-22 04:15:27,881 INFO   Challenger: econ_dir=63.6% trans=49.4% large=67.7% sharpe=+4.380 flat=30.1%
2026-02-22 04:15:27,881 INFO --- Seed 2/3 ---
2026-02-22 04:15:27,882 INFO   Training baseline...
2026-02-22 04:19:56,414 INFO   Baseline: econ_dir=64.2% trans=55.3% large=68.3% sharpe=+4.749 flat=23.2%
2026-02-22 04:19:56,414 INFO   Training challenger...
2026-02-22 04:24:25,557 INFO   Challenger: econ_dir=64.1% trans=49.2% large=68.1% sharpe=+4.394 flat=31.1%
2026-02-22 04:24:25,557 INFO --- Seed 3/3 ---
2026-02-22 04:24:25,557 INFO   Training baseline...
2026-02-22 04:28:56,201 INFO   Baseline: econ_dir=63.5% trans=54.7% large=67.8% sharpe=+4.777 flat=21.9%
2026-02-22 04:28:56,201 INFO   Training challenger...
2026-02-22 04:33:25,285 INFO   Challenger: econ_dir=63.8% trans=53.3% large=67.8% sharpe=+4.505 flat=24.8%
2026-02-22 04:33:25,286 INFO 
2026-02-22 04:33:25,286 INFO ================================================================================
2026-02-22 04:33:25,286 INFO RESULTS: range_dwt
2026-02-22 04:33:25,286 INFO ================================================================================

====================================================================================================
  range_dwt (BASELINE)
====================================================================================================
  Econ Dir Accuracy:    63.9%  (22893.666666666668 directional preds)
  Prediction Dist:      up=39.6%  flat=22.9%  down=37.5%
  Transition Accuracy:  55.2%  (19804.0 transitions)
  Large-Move Accuracy:  68.1%  (11080.0 large moves)
  Sharpe (with costs):  +4.673  (P100 vs random)
  Quantile Accuracy:    31.8%
  Class Dist:           c0=19.2%  c1=18.2%  c2=22.9%  c3=19.7%  c4=20.0%
====================================================================================================

====================================================================================================
  range_dwt (CHALLENGER)
====================================================================================================
  Econ Dir Accuracy:    63.8%  (21566.0 directional preds)
  Prediction Dist:      up=37.7%  flat=28.6%  down=33.6%
  Transition Accuracy:  50.6%  (19804.0 transitions)
  Large-Move Accuracy:  67.9%  (10708.0 large moves)
  Sharpe (with costs):  +4.426  (P100 vs random)
  Quantile Accuracy:    34.5%
  Class Dist:           c0=17.9%  c1=15.8%  c2=28.6%  c3=18.5%  c4=19.2%
====================================================================================================
2026-02-22 04:33:25,286 INFO 
2026-02-22 04:33:25,286 INFO VERDICT: FAIL: transition degraded by 4.6%
2026-02-22 04:33:25,286 INFO ================================================================================
2026-02-22 04:33:25,286 INFO Results saved to /home/musicofhel/.wavecast/audit/exp3/range_dwt_results.json

Final verdict: FAIL: transition degraded by 4.6%
[2026-02-22 04:33:25] DONE test_range_dwt in 1623s
[2026-02-22 04:33:25]   VERDICT range_dwt: FAIL: transition degraded by 4.6%
[2026-02-22 04:33:30] START test_modwt [5/8]
2026-02-22 04:33:32,670 INFO ================================================================================
2026-02-22 04:33:32,670 INFO Phase 12 Experiment: modwt
2026-02-22 04:33:32,670 INFO ================================================================================
2026-02-22 04:33:32,754 INFO Loaded 20 tickers
2026-02-22 04:33:32,754 INFO Building challenger dataset...
2026-02-22 04:33:34,511 INFO MODWT: 249271 train, 75615 test (vs ~124K for DWT)
2026-02-22 04:33:34,511 INFO Challenger dataset: 249271 train, 75615 test (1.8s)
2026-02-22 04:33:34,512 INFO Building baseline (D1) dataset...
2026-02-22 04:33:35,392 INFO Baseline dataset: 124530 train, 37702 test
2026-02-22 04:33:35,392 INFO --- Seed 1/3 ---
2026-02-22 04:33:35,433 INFO   Training baseline...
/home/musicofhel/wavecast/src/wavecast/models/wavelet_gpt.py:94: UserWarning: enable_nested_tensor is True, but self.use_nested_tensor is False because encoder_layer.norm_first was True
  self.transformer = nn.TransformerEncoder(
2026-02-22 04:38:05,120 INFO   Baseline: econ_dir=64.0% trans=55.5% large=68.3% sharpe=+4.492 flat=23.6%
2026-02-22 04:38:05,120 INFO   Training challenger...
/home/musicofhel/wavecast/src/wavecast/models/wavelet_gpt.py:94: UserWarning: enable_nested_tensor is True, but self.use_nested_tensor is False because encoder_layer.norm_first was True
  self.transformer = nn.TransformerEncoder(
2026-02-22 04:47:32,952 INFO   Challenger: econ_dir=89.6% trans=64.7% large=95.1% sharpe=+18.540 flat=31.4%
2026-02-22 04:47:32,953 INFO --- Seed 2/3 ---
2026-02-22 04:47:32,954 INFO   Training baseline...
2026-02-22 04:52:09,874 INFO   Baseline: econ_dir=64.2% trans=55.3% large=68.3% sharpe=+4.749 flat=23.2%
2026-02-22 04:52:09,875 INFO   Training challenger...
2026-02-22 05:01:53,951 INFO   Challenger: econ_dir=90.3% trans=64.4% large=95.7% sharpe=+18.893 flat=31.9%
2026-02-22 05:01:53,951 INFO --- Seed 3/3 ---
2026-02-22 05:01:53,951 INFO   Training baseline...
2026-02-22 05:06:33,945 INFO   Baseline: econ_dir=63.5% trans=54.7% large=67.8% sharpe=+4.777 flat=21.9%
2026-02-22 05:06:33,945 INFO   Training challenger...
[2026-02-22 05:13:19] FAIL test_modwt after 2389s (exit=0)
[2026-02-22 05:13:24] START test_regression [6/8]
2026-02-22 05:13:26,549 INFO ================================================================================
2026-02-22 05:13:26,549 INFO Experiment 3.7: Signed Return Regression
2026-02-22 05:13:26,549 INFO ================================================================================
2026-02-22 05:13:27,339 INFO Data: 124530 train, 37702 test
2026-02-22 05:13:27,340 INFO Return stats: mean=0.000090 std=0.007374
2026-02-22 05:13:27,556 INFO --- Seed 1/3 ---
2026-02-22 05:13:27,597 INFO   Training baseline (CE classification)...
/home/musicofhel/wavecast/src/wavecast/models/wavelet_gpt.py:94: UserWarning: enable_nested_tensor is True, but self.use_nested_tensor is False because encoder_layer.norm_first was True
  self.transformer = nn.TransformerEncoder(
2026-02-22 05:17:57,387 INFO   Training regression (Huber loss)...
/home/musicofhel/wavecast/src/wavecast/models/wavelet_gpt.py:94: UserWarning: enable_nested_tensor is True, but self.use_nested_tensor is False because encoder_layer.norm_first was True
  self.transformer = nn.TransformerEncoder(
2026-02-22 05:22:25,628 INFO   Baseline: econ_dir=64.0% trans=55.5% sharpe=+4.492
2026-02-22 05:22:25,628 INFO   Regression: econ_dir=62.6% trans=67.6% sharpe=+4.391 near_zero=5.2%
2026-02-22 05:22:25,628 INFO --- Seed 2/3 ---
2026-02-22 05:22:25,629 INFO   Training baseline (CE classification)...
2026-02-22 05:26:56,584 INFO   Training regression (Huber loss)...
2026-02-22 05:31:28,262 INFO   Baseline: econ_dir=64.2% trans=55.3% sharpe=+4.749
2026-02-22 05:31:28,262 INFO   Regression: econ_dir=62.7% trans=66.3% sharpe=+4.672 near_zero=7.8%
2026-02-22 05:31:28,262 INFO --- Seed 3/3 ---
2026-02-22 05:31:28,262 INFO   Training baseline (CE classification)...
2026-02-22 05:35:58,895 INFO   Training regression (Huber loss)...
2026-02-22 05:40:30,681 INFO   Baseline: econ_dir=63.5% trans=54.7% sharpe=+4.777
2026-02-22 05:40:30,681 INFO   Regression: econ_dir=62.8% trans=67.3% sharpe=+4.568 near_zero=7.2%

====================================================================================================
  Regression (CHALLENGER)
====================================================================================================
Traceback (most recent call last):
  File "<frozen runpy>", line 198, in _run_module_as_main
  File "<frozen runpy>", line 88, in _run_code
  File "/home/musicofhel/wavecast/scripts/exp3/test_regression.py", line 305, in <module>
    results = run_regression_experiment()
              ^^^^^^^^^^^^^^^^^^^^^^^^^^^
  File "/home/musicofhel/wavecast/scripts/exp3/test_regression.py", line 279, in run_regression_experiment
    print_5_metrics("Regression", regression_avg, label="CHALLENGER")
  File "/home/musicofhel/wavecast/scripts/feature_tests/exp2_helpers.py", line 193, in print_5_metrics
    f"  ({metrics['n_directional']} directional preds)")
          ~~~~~~~^^^^^^^^^^^^^^^^^
KeyError: 'n_directional'
[2026-02-22 05:40:31] FAIL test_regression after 1627s (exit=0)
[2026-02-22 05:40:36] START test_transition_head [7/8]
2026-02-22 05:40:38,022 INFO ================================================================================
2026-02-22 05:40:38,022 INFO Experiment 3.8: Auxiliary Transition Head
2026-02-22 05:40:38,022 INFO ================================================================================
2026-02-22 05:40:38,994 INFO Transition rate: 53.0% (65966 transitions in 124470 valid)
2026-02-22 05:40:38,994 INFO 
--- Lambda = 0.1 ---
2026-02-22 05:40:38,994 INFO   Seed 1/3...
/home/musicofhel/wavecast/src/wavecast/models/wavelet_gpt.py:94: UserWarning: enable_nested_tensor is True, but self.use_nested_tensor is False because encoder_layer.norm_first was True
  self.transformer = nn.TransformerEncoder(
2026-02-22 05:45:18,757 INFO     econ_dir=64.1% trans=52.5% large=67.9% trans_head=52.6%
2026-02-22 05:45:18,757 INFO   Seed 2/3...
/home/musicofhel/wavecast/src/wavecast/models/wavelet_gpt.py:94: UserWarning: enable_nested_tensor is True, but self.use_nested_tensor is False because encoder_layer.norm_first was True
  self.transformer = nn.TransformerEncoder(
2026-02-22 05:49:56,730 INFO     econ_dir=64.0% trans=54.4% large=68.1% trans_head=52.6%
2026-02-22 05:49:56,731 INFO   Seed 3/3...
2026-02-22 05:54:35,615 INFO     econ_dir=63.8% trans=54.6% large=68.1% trans_head=52.6%
2026-02-22 05:54:35,616 INFO 
--- Lambda = 0.2 ---
2026-02-22 05:54:35,616 INFO   Seed 1/3...
2026-02-22 05:59:15,226 INFO     econ_dir=63.9% trans=53.2% large=67.8% trans_head=52.6%
2026-02-22 05:59:15,226 INFO   Seed 2/3...
2026-02-22 06:03:53,724 INFO     econ_dir=63.8% trans=55.0% large=67.9% trans_head=52.6%
2026-02-22 06:03:53,725 INFO   Seed 3/3...
2026-02-22 06:08:32,638 INFO     econ_dir=64.2% trans=54.7% large=68.3% trans_head=52.6%
2026-02-22 06:08:32,638 INFO 
--- Lambda = 0.3 ---
2026-02-22 06:08:32,638 INFO   Seed 1/3...
2026-02-22 06:13:11,270 INFO     econ_dir=63.9% trans=51.7% large=67.5% trans_head=52.6%
2026-02-22 06:13:11,270 INFO   Seed 2/3...
2026-02-22 06:17:48,771 INFO     econ_dir=63.8% trans=55.8% large=67.8% trans_head=52.6%
2026-02-22 06:17:48,771 INFO   Seed 3/3...
[2026-02-22 06:20:23] FAIL test_transition_head after 2387s (exit=0)
[2026-02-22 06:20:28] ==========================================
[2026-02-22 06:20:28] ALL DONE in 3h 40m
[2026-02-22 06:20:28] Completed: 3, Failed: 5, Skipped: 0
[2026-02-22 06:20:28] ==========================================
